1111111111111111111111111111111111111111111111111111111111111111111111111111111111111111
1_______________1111111________________________________________________________________1
1_________________________111111111____________________________________________________1
1___1111111________________________________________________________________111111______1
1_____________________1111111111111111_____________11111111111_________________________1
1______________________________________________________________________________________1
1______________________________________________________________________________________1
1_111111111111__________________________________111111111______________________________1
1____________________________11111111__________________________________________________1
1_________________________________________________________________________111111111____1
1______111111_______________________________________________________1111_______________1
1_____________________111111111111_____________________________________________________1
1____________11111__________________________111111111__________11111___________________1
1______________________________________________________________________________________1
1111111111____________________111111___________________________________________________1
1______________________________________________________________________________________1
1____________________________________________________________111____________111111111111
11111111111111111______________11______________1111111_________________________________1
1______________________________________________________________________________________1
1______________________________________________________________________________________1
1_________________1111_________________11111_______________________111111111111________1
1______________________________________________________________________________________1
1___________________________________11111111___________________________________________1
1__________________________________1___________________________________________________1
1___11111____________________________________________1111_____________1111111__________1
1__________________11111111____________________________________________________________1
1_________________________________1111_________________________________________________1
1_________111_________________________1111111__________________________________________1
1_________________________11___________________________________________________________1
1________________________________________________________________11111111111111________1
1________1111111111____________________________111111__________________________________1
1______________________________________________________________________________________1
1___________________________111111_________________________11111111____________________1
1______________________________________________________________________________________1
1_______111111111__________________111_________________________________________________1
1______________________________________________________________________________________1
1_______________________________________11111111111______11____________________________1
1______________________________________________________________________11111111111_____1
1________11111111_________________________111__________________________________________1
1______________________________________________________________________________________1
1___________________________________11111111___________________________________________1
1111111111111111111111111111111111111111111111111111111111111111111111111111111111111111

